Java HotSpot(TM) 64-Bit Server VM (25.161-b12) for windows-amd64 JRE (1.8.0_161-b12), built on Dec 19 2017 17:52:25 by "java_re" with MS VC++ 10.0 (VS2010)
Memory: 4k page, physical 8287828k(3181072k free), swap 17528588k(3638368k free)
CommandLine flags: -XX:InitialHeapSize=536870912 -XX:MaxHeapSize=536870912 -XX:MaxNewSize=178958336 -XX:MaxTenuringThreshold=6 -XX:NewSize=178958336 -XX:OldPLABSize=16 -XX:OldSize=357912576 -XX:+PrintGC -XX:+PrintGCDateStamps -XX:+PrintGCDetails -XX:+PrintGCTimeStamps -XX:+UseCompressedClassPointers -XX:+UseCompressedOops -XX:+UseConcMarkSweepGC -XX:-UseLargePagesIndividualAllocation -XX:+UseParNewGC 
2020-10-27T20:21:15.315+0800: 0.256: [GC (Allocation Failure) 2020-10-27T20:21:15.315+0800: 0.256: [ParNew: 139776K->17470K(157248K), 0.0113353 secs] 139776K->47609K(506816K), 0.0115565 secs] [Times: user=0.09 sys=0.03, real=0.01 secs] 
2020-10-27T20:21:15.351+0800: 0.293: [GC (Allocation Failure) 2020-10-27T20:21:15.351+0800: 0.293: [ParNew: 157246K->17464K(157248K), 0.0149917 secs] 187385K->91237K(506816K), 0.0150718 secs] [Times: user=0.03 sys=0.08, real=0.01 secs] 
2020-10-27T20:21:15.390+0800: 0.331: [GC (Allocation Failure) 2020-10-27T20:21:15.390+0800: 0.331: [ParNew: 157240K->17470K(157248K), 0.0264425 secs] 231013K->130036K(506816K), 0.0265385 secs] [Times: user=0.17 sys=0.08, real=0.03 secs] 
2020-10-27T20:21:15.441+0800: 0.382: [GC (Allocation Failure) 2020-10-27T20:21:15.441+0800: 0.382: [ParNew: 157161K->17472K(157248K), 0.0299162 secs] 269727K->173723K(506816K), 0.0300033 secs] [Times: user=0.20 sys=0.03, real=0.03 secs] 
2020-10-27T20:21:15.494+0800: 0.435: [GC (Allocation Failure) 2020-10-27T20:21:15.494+0800: 0.435: [ParNew: 157248K->17471K(157248K), 0.0269567 secs] 313499K->212206K(506816K), 0.0270493 secs] [Times: user=0.23 sys=0.02, real=0.03 secs] 
2020-10-27T20:21:15.522+0800: 0.462: [GC (CMS Initial Mark) [1 CMS-initial-mark: 194734K(349568K)] 212494K(506816K), 0.0004802 secs] [Times: user=0.00 sys=0.00, real=0.00 secs] 
2020-10-27T20:21:15.522+0800: 0.463: [CMS-concurrent-mark-start]
2020-10-27T20:21:15.524+0800: 0.465: [CMS-concurrent-mark: 0.002/0.002 secs] [Times: user=0.00 sys=0.00, real=0.00 secs] 
2020-10-27T20:21:15.524+0800: 0.465: [CMS-concurrent-preclean-start]
2020-10-27T20:21:15.524+0800: 0.465: [CMS-concurrent-preclean: 0.000/0.000 secs] [Times: user=0.00 sys=0.00, real=0.00 secs] 
2020-10-27T20:21:15.524+0800: 0.465: [CMS-concurrent-abortable-preclean-start]
2020-10-27T20:21:15.544+0800: 0.485: [GC (Allocation Failure) 2020-10-27T20:21:15.544+0800: 0.485: [ParNew: 157247K->17471K(157248K), 0.0295941 secs] 351982K->254654K(506816K), 0.0296686 secs] [Times: user=0.23 sys=0.01, real=0.03 secs] 
2020-10-27T20:21:15.596+0800: 0.536: [GC (Allocation Failure) 2020-10-27T20:21:15.596+0800: 0.536: [ParNew: 157247K->17470K(157248K), 0.0313344 secs] 394430K->298949K(506816K), 0.0314311 secs] [Times: user=0.22 sys=0.03, real=0.03 secs] 
2020-10-27T20:21:15.648+0800: 0.590: [GC (Allocation Failure) 2020-10-27T20:21:15.648+0800: 0.590: [ParNew: 157246K->17471K(157248K), 0.0326552 secs] 438725K->343717K(506816K), 0.0327411 secs] [Times: user=0.23 sys=0.02, real=0.03 secs] 
2020-10-27T20:21:15.682+0800: 0.623: [CMS-concurrent-abortable-preclean: 0.003/0.158 secs] [Times: user=0.75 sys=0.06, real=0.16 secs] 
2020-10-27T20:21:15.682+0800: 0.623: [GC (CMS Final Remark) [YG occupancy: 24203 K (157248 K)]2020-10-27T20:21:15.682+0800: 0.624: [Rescan (parallel) , 0.0003641 secs]2020-10-27T20:21:15.683+0800: 0.624: [weak refs processing, 0.0000208 secs]2020-10-27T20:21:15.683+0800: 0.624: [class unloading, 0.0004240 secs]2020-10-27T20:21:15.683+0800: 0.624: [scrub symbol table, 0.0003202 secs]2020-10-27T20:21:15.683+0800: 0.625: [scrub string table, 0.0001030 secs][1 CMS-remark: 326245K(349568K)] 350448K(506816K), 0.0013539 secs] [Times: user=0.00 sys=0.00, real=0.00 secs] 
2020-10-27T20:21:15.684+0800: 0.625: [CMS-concurrent-sweep-start]
2020-10-27T20:21:15.684+0800: 0.626: [CMS-concurrent-sweep: 0.001/0.001 secs] [Times: user=0.00 sys=0.00, real=0.00 secs] 
2020-10-27T20:21:15.684+0800: 0.626: [CMS-concurrent-reset-start]
2020-10-27T20:21:15.685+0800: 0.627: [CMS-concurrent-reset: 0.001/0.001 secs] [Times: user=0.00 sys=0.00, real=0.00 secs] 
2020-10-27T20:21:15.704+0800: 0.646: [GC (Allocation Failure) 2020-10-27T20:21:15.704+0800: 0.646: [ParNew: 157247K->17469K(157248K), 0.0172766 secs] 443237K->351678K(506816K), 0.0173889 secs] [Times: user=0.11 sys=0.02, real=0.02 secs] 
2020-10-27T20:21:15.722+0800: 0.663: [GC (CMS Initial Mark) [1 CMS-initial-mark: 334208K(349568K)] 351781K(506816K), 0.0001231 secs] [Times: user=0.00 sys=0.00, real=0.00 secs] 
2020-10-27T20:21:15.722+0800: 0.663: [CMS-concurrent-mark-start]
2020-10-27T20:21:15.724+0800: 0.665: [CMS-concurrent-mark: 0.002/0.002 secs] [Times: user=0.05 sys=0.00, real=0.00 secs] 
2020-10-27T20:21:15.724+0800: 0.665: [CMS-concurrent-preclean-start]
2020-10-27T20:21:15.724+0800: 0.665: [CMS-concurrent-preclean: 0.000/0.000 secs] [Times: user=0.00 sys=0.00, real=0.00 secs] 
2020-10-27T20:21:15.724+0800: 0.665: [CMS-concurrent-abortable-preclean-start]
2020-10-27T20:21:15.724+0800: 0.665: [CMS-concurrent-abortable-preclean: 0.000/0.000 secs] [Times: user=0.00 sys=0.00, real=0.00 secs] 
2020-10-27T20:21:15.724+0800: 0.665: [GC (CMS Final Remark) [YG occupancy: 34664 K (157248 K)]2020-10-27T20:21:15.724+0800: 0.665: [Rescan (parallel) , 0.0003767 secs]2020-10-27T20:21:15.725+0800: 0.666: [weak refs processing, 0.0000167 secs]2020-10-27T20:21:15.725+0800: 0.666: [class unloading, 0.0002289 secs]2020-10-27T20:21:15.725+0800: 0.666: [scrub symbol table, 0.0003071 secs]2020-10-27T20:21:15.725+0800: 0.666: [scrub string table, 0.0001014 secs][1 CMS-remark: 334208K(349568K)] 368872K(506816K), 0.0011297 secs] [Times: user=0.00 sys=0.00, real=0.00 secs] 
2020-10-27T20:21:15.725+0800: 0.667: [CMS-concurrent-sweep-start]
2020-10-27T20:21:15.726+0800: 0.668: [CMS-concurrent-sweep: 0.001/0.001 secs] [Times: user=0.00 sys=0.00, real=0.00 secs] 
2020-10-27T20:21:15.727+0800: 0.668: [CMS-concurrent-reset-start]
2020-10-27T20:21:15.727+0800: 0.668: [CMS-concurrent-reset: 0.001/0.001 secs] [Times: user=0.00 sys=0.00, real=0.00 secs] 
2020-10-27T20:21:15.744+0800: 0.685: [GC (Allocation Failure) 2020-10-27T20:21:15.744+0800: 0.685: [ParNew: 157245K->17471K(157248K), 0.0124958 secs] 398114K->306010K(506816K), 0.0125860 secs] [Times: user=0.13 sys=0.00, real=0.01 secs] 
2020-10-27T20:21:15.757+0800: 0.698: [GC (CMS Initial Mark) [1 CMS-initial-mark: 288539K(349568K)] 308802K(506816K), 0.0001319 secs] [Times: user=0.00 sys=0.00, real=0.00 secs] 
2020-10-27T20:21:15.757+0800: 0.698: [CMS-concurrent-mark-start]
2020-10-27T20:21:15.759+0800: 0.700: [CMS-concurrent-mark: 0.002/0.002 secs] [Times: user=0.00 sys=0.00, real=0.00 secs] 
2020-10-27T20:21:15.759+0800: 0.700: [CMS-concurrent-preclean-start]
2020-10-27T20:21:15.759+0800: 0.700: [CMS-concurrent-preclean: 0.000/0.000 secs] [Times: user=0.00 sys=0.00, real=0.00 secs] 
2020-10-27T20:21:15.759+0800: 0.700: [CMS-concurrent-abortable-preclean-start]
2020-10-27T20:21:15.777+0800: 0.719: [GC (Allocation Failure) 2020-10-27T20:21:15.777+0800: 0.719: [ParNew: 157247K->17471K(157248K), 0.0115299 secs] 445786K->350284K(506816K), 0.0116222 secs] [Times: user=0.13 sys=0.00, real=0.01 secs] 
2020-10-27T20:21:15.789+0800: 0.730: [CMS-concurrent-abortable-preclean: 0.001/0.030 secs] [Times: user=0.14 sys=0.00, real=0.03 secs] 
2020-10-27T20:21:15.789+0800: 0.730: [GC (CMS Final Remark) [YG occupancy: 21073 K (157248 K)]2020-10-27T20:21:15.789+0800: 0.730: [Rescan (parallel) , 0.0003794 secs]2020-10-27T20:21:15.790+0800: 0.731: [weak refs processing, 0.0000158 secs]2020-10-27T20:21:15.790+0800: 0.731: [class unloading, 0.0002032 secs]2020-10-27T20:21:15.790+0800: 0.731: [scrub symbol table, 0.0003046 secs]2020-10-27T20:21:15.790+0800: 0.731: [scrub string table, 0.0001001 secs][1 CMS-remark: 332813K(349568K)] 353886K(506816K), 0.0010972 secs] [Times: user=0.00 sys=0.00, real=0.00 secs] 
2020-10-27T20:21:15.790+0800: 0.732: [CMS-concurrent-sweep-start]
2020-10-27T20:21:15.791+0800: 0.732: [CMS-concurrent-sweep: 0.001/0.001 secs] [Times: user=0.00 sys=0.00, real=0.00 secs] 
2020-10-27T20:21:15.791+0800: 0.732: [CMS-concurrent-reset-start]
2020-10-27T20:21:15.792+0800: 0.733: [CMS-concurrent-reset: 0.001/0.001 secs] [Times: user=0.00 sys=0.00, real=0.00 secs] 
2020-10-27T20:21:15.812+0800: 0.753: [GC (Allocation Failure) 2020-10-27T20:21:15.812+0800: 0.753: [ParNew: 156761K->17468K(157248K), 0.0153434 secs] 454635K->357902K(506816K), 0.0154373 secs] [Times: user=0.13 sys=0.00, real=0.01 secs] 
2020-10-27T20:21:15.827+0800: 0.768: [GC (CMS Initial Mark) [1 CMS-initial-mark: 340434K(349568K)] 358468K(506816K), 0.0001393 secs] [Times: user=0.00 sys=0.00, real=0.00 secs] 
2020-10-27T20:21:15.827+0800: 0.768: [CMS-concurrent-mark-start]
2020-10-27T20:21:15.829+0800: 0.770: [CMS-concurrent-mark: 0.002/0.002 secs] [Times: user=0.00 sys=0.00, real=0.00 secs] 
2020-10-27T20:21:15.829+0800: 0.770: [CMS-concurrent-preclean-start]
2020-10-27T20:21:15.830+0800: 0.771: [CMS-concurrent-preclean: 0.000/0.000 secs] [Times: user=0.00 sys=0.00, real=0.00 secs] 
2020-10-27T20:21:15.830+0800: 0.771: [CMS-concurrent-abortable-preclean-start]
2020-10-27T20:21:15.830+0800: 0.771: [CMS-concurrent-abortable-preclean: 0.000/0.000 secs] [Times: user=0.00 sys=0.00, real=0.00 secs] 
2020-10-27T20:21:15.830+0800: 0.771: [GC (CMS Final Remark) [YG occupancy: 33784 K (157248 K)]2020-10-27T20:21:15.830+0800: 0.771: [Rescan (parallel) , 0.0003504 secs]2020-10-27T20:21:15.830+0800: 0.771: [weak refs processing, 0.0000166 secs]2020-10-27T20:21:15.830+0800: 0.771: [class unloading, 0.0002249 secs]2020-10-27T20:21:15.830+0800: 0.771: [scrub symbol table, 0.0002994 secs]2020-10-27T20:21:15.831+0800: 0.772: [scrub string table, 0.0001013 secs][1 CMS-remark: 340434K(349568K)] 374218K(506816K), 0.0010923 secs] [Times: user=0.00 sys=0.00, real=0.00 secs] 
2020-10-27T20:21:15.831+0800: 0.772: [CMS-concurrent-sweep-start]
2020-10-27T20:21:15.832+0800: 0.773: [CMS-concurrent-sweep: 0.001/0.001 secs] [Times: user=0.00 sys=0.00, real=0.00 secs] 
2020-10-27T20:21:15.832+0800: 0.773: [CMS-concurrent-reset-start]
2020-10-27T20:21:15.832+0800: 0.773: [CMS-concurrent-reset: 0.000/0.000 secs] [Times: user=0.00 sys=0.00, real=0.00 secs] 
2020-10-27T20:21:15.849+0800: 0.790: [GC (Allocation Failure) 2020-10-27T20:21:15.849+0800: 0.790: [ParNew: 157123K->17467K(157248K), 0.0115026 secs] 433698K->336218K(506816K), 0.0115908 secs] [Times: user=0.00 sys=0.00, real=0.01 secs] 
2020-10-27T20:21:15.861+0800: 0.802: [GC (CMS Initial Mark) [1 CMS-initial-mark: 318750K(349568K)] 336853K(506816K), 0.0001382 secs] [Times: user=0.00 sys=0.00, real=0.00 secs] 
2020-10-27T20:21:15.861+0800: 0.802: [CMS-concurrent-mark-start]
2020-10-27T20:21:15.863+0800: 0.803: [CMS-concurrent-mark: 0.001/0.001 secs] [Times: user=0.00 sys=0.00, real=0.00 secs] 
2020-10-27T20:21:15.863+0800: 0.803: [CMS-concurrent-preclean-start]
2020-10-27T20:21:15.863+0800: 0.804: [CMS-concurrent-preclean: 0.000/0.000 secs] [Times: user=0.00 sys=0.00, real=0.00 secs] 
2020-10-27T20:21:15.863+0800: 0.804: [CMS-concurrent-abortable-preclean-start]
2020-10-27T20:21:15.863+0800: 0.804: [CMS-concurrent-abortable-preclean: 0.000/0.000 secs] [Times: user=0.00 sys=0.00, real=0.00 secs] 
2020-10-27T20:21:15.863+0800: 0.804: [GC (CMS Final Remark) [YG occupancy: 32719 K (157248 K)]2020-10-27T20:21:15.863+0800: 0.804: [Rescan (parallel) , 0.0003627 secs]2020-10-27T20:21:15.864+0800: 0.804: [weak refs processing, 0.0000170 secs]2020-10-27T20:21:15.864+0800: 0.804: [class unloading, 0.0002313 secs]2020-10-27T20:21:15.864+0800: 0.805: [scrub symbol table, 0.0002970 secs]2020-10-27T20:21:15.864+0800: 0.805: [scrub string table, 0.0001010 secs][1 CMS-remark: 318750K(349568K)] 351469K(506816K), 0.0011099 secs] [Times: user=0.00 sys=0.00, real=0.00 secs] 
2020-10-27T20:21:15.864+0800: 0.805: [CMS-concurrent-sweep-start]
2020-10-27T20:21:15.865+0800: 0.806: [CMS-concurrent-sweep: 0.001/0.001 secs] [Times: user=0.03 sys=0.00, real=0.00 secs] 
2020-10-27T20:21:15.865+0800: 0.806: [CMS-concurrent-reset-start]
2020-10-27T20:21:15.866+0800: 0.807: [CMS-concurrent-reset: 0.000/0.000 secs] [Times: user=0.00 sys=0.00, real=0.00 secs] 
2020-10-27T20:21:15.883+0800: 0.824: [GC (Allocation Failure) 2020-10-27T20:21:15.883+0800: 0.824: [ParNew: 157243K->17468K(157248K), 0.0108211 secs] 445022K->345328K(506816K), 0.0109067 secs] [Times: user=0.00 sys=0.00, real=0.01 secs] 
2020-10-27T20:21:15.894+0800: 0.835: [GC (CMS Initial Mark) [1 CMS-initial-mark: 327860K(349568K)] 345411K(506816K), 0.0001479 secs] [Times: user=0.00 sys=0.00, real=0.00 secs] 
2020-10-27T20:21:15.895+0800: 0.835: [CMS-concurrent-mark-start]
2020-10-27T20:21:15.896+0800: 0.837: [CMS-concurrent-mark: 0.001/0.001 secs] [Times: user=0.05 sys=0.00, real=0.00 secs] 
2020-10-27T20:21:15.896+0800: 0.837: [CMS-concurrent-preclean-start]
2020-10-27T20:21:15.897+0800: 0.837: [CMS-concurrent-preclean: 0.000/0.000 secs] [Times: user=0.00 sys=0.00, real=0.00 secs] 
2020-10-27T20:21:15.897+0800: 0.838: [CMS-concurrent-abortable-preclean-start]
2020-10-27T20:21:15.897+0800: 0.838: [CMS-concurrent-abortable-preclean: 0.000/0.000 secs] [Times: user=0.00 sys=0.00, real=0.00 secs] 
2020-10-27T20:21:15.897+0800: 0.838: [GC (CMS Final Remark) [YG occupancy: 31460 K (157248 K)]2020-10-27T20:21:15.897+0800: 0.838: [Rescan (parallel) , 0.0004190 secs]2020-10-27T20:21:15.897+0800: 0.838: [weak refs processing, 0.0000205 secs]2020-10-27T20:21:15.897+0800: 0.838: [class unloading, 0.0003270 secs]2020-10-27T20:21:15.898+0800: 0.839: [scrub symbol table, 0.0003774 secs]2020-10-27T20:21:15.898+0800: 0.839: [scrub string table, 0.0001068 secs][1 CMS-remark: 327860K(349568K)] 359320K(506816K), 0.0013785 secs] [Times: user=0.00 sys=0.00, real=0.00 secs] 
2020-10-27T20:21:15.898+0800: 0.839: [CMS-concurrent-sweep-start]
2020-10-27T20:21:15.899+0800: 0.840: [CMS-concurrent-sweep: 0.001/0.001 secs] [Times: user=0.00 sys=0.00, real=0.00 secs] 
2020-10-27T20:21:15.899+0800: 0.840: [CMS-concurrent-reset-start]
2020-10-27T20:21:15.900+0800: 0.841: [CMS-concurrent-reset: 0.001/0.001 secs] [Times: user=0.00 sys=0.00, real=0.00 secs] 
2020-10-27T20:21:15.918+0800: 0.858: [GC (Allocation Failure) 2020-10-27T20:21:15.918+0800: 0.858: [ParNew: 157244K->17469K(157248K), 0.0139525 secs] 451273K->360213K(506816K), 0.0140457 secs] [Times: user=0.11 sys=0.02, real=0.01 secs] 
2020-10-27T20:21:15.932+0800: 0.873: [GC (CMS Initial Mark) [1 CMS-initial-mark: 342744K(349568K)] 363286K(506816K), 0.0001973 secs] [Times: user=0.00 sys=0.00, real=0.00 secs] 
2020-10-27T20:21:15.932+0800: 0.873: [CMS-concurrent-mark-start]
2020-10-27T20:21:15.934+0800: 0.875: [CMS-concurrent-mark: 0.002/0.002 secs] [Times: user=0.00 sys=0.00, real=0.00 secs] 
2020-10-27T20:21:15.934+0800: 0.875: [CMS-concurrent-preclean-start]
2020-10-27T20:21:15.935+0800: 0.875: [CMS-concurrent-preclean: 0.001/0.001 secs] [Times: user=0.00 sys=0.00, real=0.00 secs] 
2020-10-27T20:21:15.935+0800: 0.875: [CMS-concurrent-abortable-preclean-start]
2020-10-27T20:21:15.935+0800: 0.875: [CMS-concurrent-abortable-preclean: 0.000/0.000 secs] [Times: user=0.00 sys=0.00, real=0.00 secs] 
2020-10-27T20:21:15.935+0800: 0.875: [GC (CMS Final Remark) [YG occupancy: 32859 K (157248 K)]2020-10-27T20:21:15.935+0800: 0.875: [Rescan (parallel) , 0.0004326 secs]2020-10-27T20:21:15.935+0800: 0.876: [weak refs processing, 0.0000170 secs]2020-10-27T20:21:15.935+0800: 0.876: [class unloading, 0.0002322 secs]2020-10-27T20:21:15.935+0800: 0.876: [scrub symbol table, 0.0003194 secs]2020-10-27T20:21:15.936+0800: 0.876: [scrub string table, 0.0001006 secs][1 CMS-remark: 342744K(349568K)] 375603K(506816K), 0.0012023 secs] [Times: user=0.00 sys=0.00, real=0.00 secs] 
2020-10-27T20:21:15.936+0800: 0.877: [CMS-concurrent-sweep-start]
2020-10-27T20:21:15.937+0800: 0.877: [CMS-concurrent-sweep: 0.001/0.001 secs] [Times: user=0.00 sys=0.00, real=0.00 secs] 
2020-10-27T20:21:15.937+0800: 0.878: [CMS-concurrent-reset-start]
2020-10-27T20:21:15.937+0800: 0.878: [CMS-concurrent-reset: 0.000/0.000 secs] [Times: user=0.00 sys=0.00, real=0.00 secs] 
2020-10-27T20:21:15.955+0800: 0.896: [GC (Allocation Failure) 2020-10-27T20:21:15.955+0800: 0.896: [ParNew: 157245K->157245K(157248K), 0.0000295 secs]2020-10-27T20:21:15.956+0800: 0.896: [CMS: 305665K->325305K(349568K), 0.0591407 secs] 462911K->325305K(506816K), [Metaspace: 2809K->2809K(1056768K)], 0.0593456 secs] [Times: user=0.06 sys=0.00, real=0.06 secs] 
2020-10-27T20:21:16.014+0800: 0.956: [GC (CMS Initial Mark) [1 CMS-initial-mark: 325305K(349568K)] 328357K(506816K), 0.0006804 secs] [Times: user=0.00 sys=0.00, real=0.00 secs] 
2020-10-27T20:21:16.015+0800: 0.956: [CMS-concurrent-mark-start]
2020-10-27T20:21:16.017+0800: 0.958: [CMS-concurrent-mark: 0.002/0.002 secs] [Times: user=0.00 sys=0.00, real=0.00 secs] 
2020-10-27T20:21:16.017+0800: 0.958: [CMS-concurrent-preclean-start]
2020-10-27T20:21:16.017+0800: 0.959: [CMS-concurrent-preclean: 0.000/0.000 secs] [Times: user=0.00 sys=0.00, real=0.00 secs] 
2020-10-27T20:21:16.017+0800: 0.959: [CMS-concurrent-abortable-preclean-start]
2020-10-27T20:21:16.036+0800: 0.977: [GC (Allocation Failure) 2020-10-27T20:21:16.036+0800: 0.977: [ParNew: 139776K->139776K(157248K), 0.0000321 secs]2020-10-27T20:21:16.036+0800: 0.977: [CMS2020-10-27T20:21:16.036+0800: 0.978: [CMS-concurrent-abortable-preclean: 0.000/0.019 secs] [Times: user=0.03 sys=0.00, real=0.02 secs] 
 (concurrent mode failure): 325305K->327911K(349568K), 0.0641703 secs] 465081K->327911K(506816K), [Metaspace: 2809K->2809K(1056768K)], 0.0643363 secs] [Times: user=0.06 sys=0.00, real=0.06 secs] 
2020-10-27T20:21:16.122+0800: 1.063: [GC (Allocation Failure) 2020-10-27T20:21:16.122+0800: 1.063: [ParNew (promotion failed): 139299K->156770K(157248K), 0.0105595 secs]2020-10-27T20:21:16.133+0800: 1.074: [CMS: 349434K->340548K(349568K), 0.0661104 secs] 467210K->340548K(506816K), [Metaspace: 2809K->2809K(1056768K)], 0.0768015 secs] [Times: user=0.14 sys=0.00, real=0.08 secs] 
2020-10-27T20:21:16.199+0800: 1.140: [GC (CMS Initial Mark) [1 CMS-initial-mark: 340548K(349568K)] 343988K(506816K), 0.0003150 secs] [Times: user=0.00 sys=0.00, real=0.00 secs] 
2020-10-27T20:21:16.200+0800: 1.141: [CMS-concurrent-mark-start]
2020-10-27T20:21:16.202+0800: 1.143: [CMS-concurrent-mark: 0.002/0.002 secs] [Times: user=0.00 sys=0.00, real=0.00 secs] 
2020-10-27T20:21:16.202+0800: 1.143: [CMS-concurrent-preclean-start]
2020-10-27T20:21:16.202+0800: 1.143: [CMS-concurrent-preclean: 0.001/0.001 secs] [Times: user=0.00 sys=0.00, real=0.00 secs] 
2020-10-27T20:21:16.202+0800: 1.143: [CMS-concurrent-abortable-preclean-start]
2020-10-27T20:21:16.202+0800: 1.143: [CMS-concurrent-abortable-preclean: 0.000/0.000 secs] [Times: user=0.00 sys=0.00, real=0.00 secs] 
2020-10-27T20:21:16.203+0800: 1.144: [GC (CMS Final Remark) [YG occupancy: 17610 K (157248 K)]2020-10-27T20:21:16.203+0800: 1.144: [Rescan (parallel) , 0.0006151 secs]2020-10-27T20:21:16.203+0800: 1.144: [weak refs processing, 0.0000184 secs]2020-10-27T20:21:16.203+0800: 1.144: [class unloading, 0.0002865 secs]2020-10-27T20:21:16.204+0800: 1.145: [scrub symbol table, 0.0003195 secs]2020-10-27T20:21:16.204+0800: 1.145: [scrub string table, 0.0001021 secs][1 CMS-remark: 340548K(349568K)] 358159K(506816K), 0.0014550 secs] [Times: user=0.00 sys=0.00, real=0.00 secs] 
2020-10-27T20:21:16.204+0800: 1.145: [CMS-concurrent-sweep-start]
2020-10-27T20:21:16.205+0800: 1.146: [CMS-concurrent-sweep: 0.001/0.001 secs] [Times: user=0.00 sys=0.00, real=0.00 secs] 
2020-10-27T20:21:16.205+0800: 1.146: [CMS-concurrent-reset-start]
2020-10-27T20:21:16.205+0800: 1.146: [CMS-concurrent-reset: 0.001/0.001 secs] [Times: user=0.00 sys=0.00, real=0.00 secs] 
2020-10-27T20:21:16.224+0800: 1.165: [GC (Allocation Failure) 2020-10-27T20:21:16.224+0800: 1.165: [ParNew: 139776K->139776K(157248K), 0.0000248 secs]2020-10-27T20:21:16.224+0800: 1.165: [CMS: 340281K->342452K(349568K), 0.0622045 secs] 480057K->342452K(506816K), [Metaspace: 2809K->2809K(1056768K)], 0.0623319 secs] [Times: user=0.05 sys=0.00, real=0.06 secs] 
2020-10-27T20:21:16.287+0800: 1.227: [GC (CMS Initial Mark) [1 CMS-initial-mark: 342452K(349568K)] 345365K(506816K), 0.0004593 secs] [Times: user=0.00 sys=0.00, real=0.00 secs] 
2020-10-27T20:21:16.287+0800: 1.228: [CMS-concurrent-mark-start]
Heap
 par new generation   total 157248K, used 5708K [0x00000000e0000000, 0x00000000eaaa0000, 0x00000000eaaa0000)
  eden space 139776K,   4% used [0x00000000e0000000, 0x00000000e0593320, 0x00000000e8880000)
  from space 17472K,   0% used [0x00000000e8880000, 0x00000000e8880000, 0x00000000e9990000)
  to   space 17472K,   0% used [0x00000000e9990000, 0x00000000e9990000, 0x00000000eaaa0000)
 concurrent mark-sweep generation total 349568K, used 342452K [0x00000000eaaa0000, 0x0000000100000000, 0x0000000100000000)
 Metaspace       used 2815K, capacity 4486K, committed 4864K, reserved 1056768K
  class space    used 304K, capacity 386K, committed 512K, reserved 1048576K
