Java HotSpot(TM) 64-Bit Server VM (25.161-b12) for windows-amd64 JRE (1.8.0_161-b12), built on Dec 19 2017 17:52:25 by "java_re" with MS VC++ 10.0 (VS2010)
Memory: 4k page, physical 8287828k(2731024k free), swap 17667372k(3689180k free)
CommandLine flags: -XX:InitialHeapSize=132605248 -XX:MaxHeapSize=2121683968 -XX:+PrintGC -XX:+PrintGCDateStamps -XX:+PrintGCDetails -XX:+PrintGCTimeStamps -XX:+UseCompressedClassPointers -XX:+UseCompressedOops -XX:-UseLargePagesIndividualAllocation -XX:+UseParallelGC 
2020-10-27T19:46:36.151+0800: 0.237: [GC (Allocation Failure) [PSYoungGen: 33280K->5096K(38400K)] 33280K->11698K(125952K), 0.0272667 secs] [Times: user=0.05 sys=0.08, real=0.03 secs] 
2020-10-27T19:46:36.190+0800: 0.275: [GC (Allocation Failure) [PSYoungGen: 38376K->5105K(71680K)] 44978K->22655K(159232K), 0.0038486 secs] [Times: user=0.01 sys=0.11, real=0.00 secs] 
2020-10-27T19:46:36.217+0800: 0.302: [GC (Allocation Failure) [PSYoungGen: 71022K->5116K(71680K)] 88572K->43683K(159232K), 0.0073314 secs] [Times: user=0.06 sys=0.06, real=0.01 secs] 
2020-10-27T19:46:36.237+0800: 0.322: [GC (Allocation Failure) [PSYoungGen: 71540K->5114K(138240K)] 110107K->66689K(225792K), 0.0069470 secs] [Times: user=0.05 sys=0.06, real=0.01 secs] 
2020-10-27T19:46:36.244+0800: 0.329: [Full GC (Ergonomics) [PSYoungGen: 5114K->0K(138240K)] [ParOldGen: 61574K->61578K(132096K)] 66689K->61578K(270336K), [Metaspace: 2810K->2810K(1056768K)], 0.0141943 secs] [Times: user=0.13 sys=0.00, real=0.01 secs] 
2020-10-27T19:46:36.300+0800: 0.385: [GC (Allocation Failure) [PSYoungGen: 132897K->5114K(138240K)] 194476K->103801K(270336K), 0.0100010 secs] [Times: user=0.01 sys=0.11, real=0.01 secs] 
2020-10-27T19:46:36.310+0800: 0.395: [Full GC (Ergonomics) [PSYoungGen: 5114K->0K(138240K)] [ParOldGen: 98687K->96296K(198656K)] 103801K->96296K(336896K), [Metaspace: 2810K->2810K(1056768K)], 0.0212142 secs] [Times: user=0.11 sys=0.00, real=0.02 secs] 
2020-10-27T19:46:36.355+0800: 0.439: [GC (Allocation Failure) [PSYoungGen: 132769K->43473K(245760K)] 229065K->139769K(444416K), 0.0096753 secs] [Times: user=0.02 sys=0.00, real=0.01 secs] 
2020-10-27T19:46:36.417+0800: 0.503: [GC (Allocation Failure) [PSYoungGen: 245713K->53244K(268800K)] 342009K->197662K(467456K), 0.0214693 secs] [Times: user=0.03 sys=0.08, real=0.02 secs] 
2020-10-27T19:46:36.479+0800: 0.564: [GC (Allocation Failure) [PSYoungGen: 268796K->86523K(375808K)] 413214K->248786K(574464K), 0.0225086 secs] [Times: user=0.05 sys=0.08, real=0.02 secs] 
2020-10-27T19:46:36.502+0800: 0.587: [Full GC (Ergonomics) [PSYoungGen: 86523K->1478K(375808K)] [ParOldGen: 162262K->198472K(323584K)] 248786K->199950K(699392K), [Metaspace: 2810K->2810K(1056768K)], 0.0430131 secs] [Times: user=0.23 sys=0.02, real=0.04 secs] 
2020-10-27T19:46:36.591+0800: 0.676: [GC (Allocation Failure) [PSYoungGen: 290564K->85638K(399360K)] 489037K->284111K(722944K), 0.0175358 secs] [Times: user=0.05 sys=0.08, real=0.02 secs] 
2020-10-27T19:46:36.651+0800: 0.736: [GC (Allocation Failure) [PSYoungGen: 374918K->118769K(471040K)] 573391K->357633K(794624K), 0.0329953 secs] [Times: user=0.09 sys=0.16, real=0.03 secs] 
2020-10-27T19:46:36.738+0800: 0.823: [GC (Allocation Failure) [PSYoungGen: 471025K->151861K(504320K)] 709889K->426413K(827904K), 0.0378906 secs] [Times: user=0.30 sys=0.03, real=0.04 secs] 
2020-10-27T19:46:36.776+0800: 0.861: [Full GC (Ergonomics) [PSYoungGen: 151861K->0K(504320K)] [ParOldGen: 274552K->295956K(444928K)] 426413K->295956K(949248K), [Metaspace: 2810K->2810K(1056768K)], 0.0616528 secs] [Times: user=0.47 sys=0.00, real=0.06 secs] 
2020-10-27T19:46:36.897+0800: 0.982: [GC (Allocation Failure) [PSYoungGen: 352103K->105041K(509952K)] 648059K->400998K(954880K), 0.0199841 secs] [Times: user=0.11 sys=0.00, real=0.02 secs] 
2020-10-27T19:46:36.976+0800: 1.061: [GC (Allocation Failure) [PSYoungGen: 438053K->101745K(512000K)] 734010K->476981K(956928K), 0.0370084 secs] [Times: user=0.09 sys=0.14, real=0.04 secs] 
2020-10-27T19:46:37.014+0800: 1.098: [Full GC (Ergonomics) [PSYoungGen: 101745K->0K(512000K)] [ParOldGen: 375236K->339291K(521216K)] 476981K->339291K(1033216K), [Metaspace: 2810K->2810K(1056768K)], 0.0759349 secs] [Times: user=0.41 sys=0.00, real=0.08 secs] 
Heap
 PSYoungGen      total 512000K, used 163283K [0x00000000d5d80000, 0x0000000100000000, 0x0000000100000000)
  eden space 333312K, 48% used [0x00000000d5d80000,0x00000000dfcf4d98,0x00000000ea300000)
  from space 178688K, 0% used [0x00000000ea300000,0x00000000ea300000,0x00000000f5180000)
  to   space 178688K, 0% used [0x00000000f5180000,0x00000000f5180000,0x0000000100000000)
 ParOldGen       total 521216K, used 339291K [0x0000000081800000, 0x00000000a1500000, 0x00000000d5d80000)
  object space 521216K, 65% used [0x0000000081800000,0x0000000096356ec8,0x00000000a1500000)
 Metaspace       used 2816K, capacity 4486K, committed 4864K, reserved 1056768K
  class space    used 304K, capacity 386K, committed 512K, reserved 1048576K
