Java HotSpot(TM) 64-Bit Server VM (25.161-b12) for windows-amd64 JRE (1.8.0_161-b12), built on Dec 19 2017 17:52:25 by "java_re" with MS VC++ 10.0 (VS2010)
Memory: 4k page, physical 8287828k(3217928k free), swap 17528588k(3650336k free)
CommandLine flags: -XX:InitialHeapSize=536870912 -XX:MaxHeapSize=536870912 -XX:+PrintGC -XX:+PrintGCDateStamps -XX:+PrintGCTimeStamps -XX:+UseCompressedClassPointers -XX:+UseCompressedOops -XX:+UseG1GC -XX:-UseLargePagesIndividualAllocation 
2020-10-27T20:25:45.049+0800: 0.140: [GC pause (G1 Evacuation Pause) (young) 26M->10M(512M), 0.0041126 secs]
2020-10-27T20:25:45.062+0800: 0.153: [GC pause (G1 Evacuation Pause) (young) 39M->20M(512M), 0.0051178 secs]
2020-10-27T20:25:45.084+0800: 0.175: [GC pause (G1 Evacuation Pause) (young) 62M->34M(512M), 0.0046685 secs]
2020-10-27T20:25:45.135+0800: 0.226: [GC pause (G1 Evacuation Pause) (young) 140M->73M(512M), 0.0082705 secs]
2020-10-27T20:25:45.161+0800: 0.252: [GC pause (G1 Evacuation Pause) (young) 155M->102M(512M), 0.0080729 secs]
2020-10-27T20:25:45.205+0800: 0.295: [GC pause (G1 Evacuation Pause) (young) 232M->144M(512M), 0.0089264 secs]
2020-10-27T20:25:45.301+0800: 0.391: [GC pause (G1 Humongous Allocation) (young) (initial-mark)-- 394M->223M(512M), 0.0157189 secs]
2020-10-27T20:25:45.317+0800: 0.407: [GC concurrent-root-region-scan-start]
2020-10-27T20:25:45.317+0800: 0.407: [GC concurrent-root-region-scan-end, 0.0001471 secs]
2020-10-27T20:25:45.317+0800: 0.407: [GC concurrent-mark-start]
2020-10-27T20:25:45.318+0800: 0.409: [GC concurrent-mark-end, 0.0015780 secs]
2020-10-27T20:25:45.319+0800: 0.409: [GC remark, 0.0017828 secs]
2020-10-27T20:25:45.321+0800: 0.411: [GC cleanup 233M->232M(512M), 0.0010589 secs]
2020-10-27T20:25:45.322+0800: 0.412: [GC concurrent-cleanup-start]
2020-10-27T20:25:45.322+0800: 0.412: [GC concurrent-cleanup-end, 0.0000076 secs]
2020-10-27T20:25:45.346+0800: 0.437: [GC pause (G1 Evacuation Pause) (young) 352M->255M(512M), 0.0128559 secs]
2020-10-27T20:25:45.360+0800: 0.451: [GC pause (G1 Evacuation Pause) (mixed) 262M->233M(512M), 0.0068354 secs]
2020-10-27T20:25:45.367+0800: 0.458: [GC pause (G1 Humongous Allocation) (young) (initial-mark) 234M->232M(512M), 0.0013236 secs]
2020-10-27T20:25:45.368+0800: 0.460: [GC concurrent-root-region-scan-start]
2020-10-27T20:25:45.369+0800: 0.460: [GC concurrent-root-region-scan-end, 0.0001189 secs]
2020-10-27T20:25:45.369+0800: 0.460: [GC concurrent-mark-start]
2020-10-27T20:25:45.370+0800: 0.461: [GC concurrent-mark-end, 0.0014283 secs]
2020-10-27T20:25:45.370+0800: 0.461: [GC remark, 0.0016437 secs]
2020-10-27T20:25:45.372+0800: 0.463: [GC cleanup 243M->242M(512M), 0.0006449 secs]
2020-10-27T20:25:45.373+0800: 0.464: [GC concurrent-cleanup-start]
2020-10-27T20:25:45.373+0800: 0.464: [GC concurrent-cleanup-end, 0.0000080 secs]
2020-10-27T20:25:45.408+0800: 0.499: [GC pause (G1 Evacuation Pause) (young)-- 427M->354M(512M), 0.0077981 secs]
2020-10-27T20:25:45.417+0800: 0.508: [GC pause (G1 Evacuation Pause) (mixed) 359M->340M(512M), 0.0076483 secs]
2020-10-27T20:25:45.425+0800: 0.516: [GC pause (G1 Humongous Allocation) (young) (initial-mark) 341M->340M(512M), 0.0012403 secs]
2020-10-27T20:25:45.426+0800: 0.517: [GC concurrent-root-region-scan-start]
2020-10-27T20:25:45.426+0800: 0.517: [GC concurrent-root-region-scan-end, 0.0001087 secs]
2020-10-27T20:25:45.426+0800: 0.517: [GC concurrent-mark-start]
2020-10-27T20:25:45.428+0800: 0.519: [GC concurrent-mark-end, 0.0017650 secs]
2020-10-27T20:25:45.428+0800: 0.519: [GC remark, 0.0017825 secs]
2020-10-27T20:25:45.430+0800: 0.521: [GC cleanup 354M->354M(512M), 0.0006606 secs]
2020-10-27T20:25:45.442+0800: 0.533: [GC pause (G1 Evacuation Pause) (young) 420M->364M(512M), 0.0052182 secs]
2020-10-27T20:25:45.451+0800: 0.542: [GC pause (G1 Evacuation Pause) (mixed) 384M->323M(512M), 0.0054014 secs]
2020-10-27T20:25:45.461+0800: 0.552: [GC pause (G1 Evacuation Pause) (mixed) 352M->299M(512M), 0.0071514 secs]
2020-10-27T20:25:45.472+0800: 0.563: [GC pause (G1 Evacuation Pause) (mixed) 323M->296M(512M), 0.0057252 secs]
2020-10-27T20:25:45.478+0800: 0.569: [GC pause (G1 Humongous Allocation) (young) (initial-mark) 297M->296M(512M), 0.0019461 secs]
2020-10-27T20:25:45.480+0800: 0.571: [GC concurrent-root-region-scan-start]
2020-10-27T20:25:45.481+0800: 0.571: [GC concurrent-root-region-scan-end, 0.0001518 secs]
2020-10-27T20:25:45.481+0800: 0.571: [GC concurrent-mark-start]
2020-10-27T20:25:45.482+0800: 0.573: [GC concurrent-mark-end, 0.0017352 secs]
2020-10-27T20:25:45.483+0800: 0.573: [GC remark, 0.0025227 secs]
2020-10-27T20:25:45.485+0800: 0.576: [GC cleanup 310M->310M(512M), 0.0011458 secs]
2020-10-27T20:25:45.508+0800: 0.598: [GC pause (G1 Evacuation Pause) (young)-- 430M->371M(512M), 0.0066303 secs]
2020-10-27T20:25:45.517+0800: 0.607: [GC pause (G1 Evacuation Pause) (mixed) 386M->349M(512M), 0.0091146 secs]
2020-10-27T20:25:45.530+0800: 0.620: [GC pause (G1 Evacuation Pause) (mixed) 375M->358M(512M), 0.0037377 secs]
2020-10-27T20:25:45.534+0800: 0.625: [GC pause (G1 Humongous Allocation) (young) (initial-mark) 359M->357M(512M), 0.0022128 secs]
2020-10-27T20:25:45.536+0800: 0.627: [GC concurrent-root-region-scan-start]
2020-10-27T20:25:45.536+0800: 0.627: [GC concurrent-root-region-scan-end, 0.0001122 secs]
2020-10-27T20:25:45.536+0800: 0.627: [GC concurrent-mark-start]
2020-10-27T20:25:45.539+0800: 0.629: [GC concurrent-mark-end, 0.0021345 secs]
2020-10-27T20:25:45.539+0800: 0.629: [GC remark, 0.0020890 secs]
2020-10-27T20:25:45.541+0800: 0.632: [GC cleanup 368M->366M(512M), 0.0010722 secs]
2020-10-27T20:25:45.542+0800: 0.633: [GC concurrent-cleanup-start]
2020-10-27T20:25:45.542+0800: 0.633: [GC concurrent-cleanup-end, 0.0000092 secs]
2020-10-27T20:25:45.552+0800: 0.642: [GC pause (G1 Evacuation Pause) (young) 420M->373M(512M), 0.0048722 secs]
2020-10-27T20:25:45.560+0800: 0.651: [GC pause (G1 Evacuation Pause) (mixed) 396M->340M(512M), 0.0064534 secs]
2020-10-27T20:25:45.572+0800: 0.662: [GC pause (G1 Evacuation Pause) (mixed) 368M->323M(512M), 0.0074891 secs]
2020-10-27T20:25:45.580+0800: 0.671: [GC pause (G1 Humongous Allocation) (young) (initial-mark) 327M->324M(512M), 0.0026173 secs]
2020-10-27T20:25:45.583+0800: 0.673: [GC concurrent-root-region-scan-start]
2020-10-27T20:25:45.583+0800: 0.673: [GC concurrent-root-region-scan-end, 0.0001238 secs]
2020-10-27T20:25:45.583+0800: 0.673: [GC concurrent-mark-start]
2020-10-27T20:25:45.585+0800: 0.675: [GC concurrent-mark-end, 0.0018875 secs]
2020-10-27T20:25:45.585+0800: 0.676: [GC remark, 0.0020847 secs]
2020-10-27T20:25:45.587+0800: 0.678: [GC cleanup 335M->335M(512M), 0.0017089 secs]
2020-10-27T20:25:45.604+0800: 0.694: [GC pause (G1 Evacuation Pause) (young) 412M->347M(512M), 0.0071301 secs]
2020-10-27T20:25:45.614+0800: 0.705: [GC pause (G1 Evacuation Pause) (mixed) 366M->330M(512M), 0.0095763 secs]
2020-10-27T20:25:45.624+0800: 0.714: [GC pause (G1 Humongous Allocation) (young) (initial-mark) 331M->330M(512M), 0.0024020 secs]
2020-10-27T20:25:45.626+0800: 0.717: [GC concurrent-root-region-scan-start]
2020-10-27T20:25:45.627+0800: 0.717: [GC concurrent-root-region-scan-end, 0.0001350 secs]
2020-10-27T20:25:45.627+0800: 0.717: [GC concurrent-mark-start]
2020-10-27T20:25:45.628+0800: 0.719: [GC concurrent-mark-end, 0.0018809 secs]
2020-10-27T20:25:45.629+0800: 0.719: [GC remark, 0.0020290 secs]
2020-10-27T20:25:45.631+0800: 0.721: [GC cleanup 343M->343M(512M), 0.0007898 secs]
2020-10-27T20:25:45.643+0800: 0.733: [GC pause (G1 Evacuation Pause) (young) 411M->361M(512M), 0.0072365 secs]
2020-10-27T20:25:45.654+0800: 0.745: [GC pause (G1 Evacuation Pause) (mixed) 381M->348M(512M), 0.0084901 secs]
2020-10-27T20:25:45.664+0800: 0.754: [GC pause (G1 Humongous Allocation) (young) (initial-mark) 352M->348M(512M), 0.0019169 secs]
2020-10-27T20:25:45.666+0800: 0.756: [GC concurrent-root-region-scan-start]
2020-10-27T20:25:45.666+0800: 0.756: [GC concurrent-root-region-scan-end, 0.0001265 secs]
2020-10-27T20:25:45.666+0800: 0.756: [GC concurrent-mark-start]
2020-10-27T20:25:45.668+0800: 0.758: [GC concurrent-mark-end, 0.0019902 secs]
2020-10-27T20:25:45.668+0800: 0.758: [GC remark, 0.0020789 secs]
2020-10-27T20:25:45.670+0800: 0.761: [GC cleanup 361M->361M(512M), 0.0010322 secs]
2020-10-27T20:25:45.679+0800: 0.769: [GC pause (G1 Evacuation Pause) (young) 403M->363M(512M), 0.0044900 secs]
2020-10-27T20:25:45.688+0800: 0.778: [GC pause (G1 Evacuation Pause) (mixed) 388M->351M(512M), 0.0092426 secs]
2020-10-27T20:25:45.698+0800: 0.788: [GC pause (G1 Humongous Allocation) (young) (initial-mark) 353M->351M(512M), 0.0022831 secs]
2020-10-27T20:25:45.700+0800: 0.790: [GC concurrent-root-region-scan-start]
2020-10-27T20:25:45.700+0800: 0.790: [GC concurrent-root-region-scan-end, 0.0002086 secs]
2020-10-27T20:25:45.700+0800: 0.790: [GC concurrent-mark-start]
2020-10-27T20:25:45.702+0800: 0.792: [GC concurrent-mark-end, 0.0018894 secs]
2020-10-27T20:25:45.702+0800: 0.793: [GC remark, 0.0021090 secs]
2020-10-27T20:25:45.705+0800: 0.795: [GC cleanup 366M->366M(512M), 0.0011806 secs]
2020-10-27T20:25:45.714+0800: 0.804: [GC pause (G1 Evacuation Pause) (young) 407M->369M(512M), 0.0047739 secs]
2020-10-27T20:25:45.721+0800: 0.812: [GC pause (G1 Evacuation Pause) (mixed) 394M->360M(512M), 0.0074425 secs]
2020-10-27T20:25:45.729+0800: 0.820: [GC pause (G1 Humongous Allocation) (young) (initial-mark) 360M->359M(512M), 0.0024394 secs]
2020-10-27T20:25:45.732+0800: 0.823: [GC concurrent-root-region-scan-start]
2020-10-27T20:25:45.732+0800: 0.823: [GC concurrent-root-region-scan-end, 0.0000094 secs]
2020-10-27T20:25:45.732+0800: 0.823: [GC concurrent-mark-start]
2020-10-27T20:25:45.734+0800: 0.825: [GC concurrent-mark-end, 0.0023363 secs]
2020-10-27T20:25:45.734+0800: 0.825: [GC remark, 0.0022678 secs]
2020-10-27T20:25:45.737+0800: 0.828: [GC cleanup 379M->379M(512M), 0.0012200 secs]
2020-10-27T20:25:45.745+0800: 0.836: [GC pause (G1 Evacuation Pause) (young) 408M->376M(512M), 0.0046131 secs]
2020-10-27T20:25:45.753+0800: 0.844: [GC pause (G1 Evacuation Pause) (mixed) 401M->362M(512M), 0.0089416 secs]
2020-10-27T20:25:45.767+0800: 0.858: [GC pause (G1 Evacuation Pause) (mixed) 389M->372M(512M), 0.0047708 secs]
2020-10-27T20:25:45.773+0800: 0.864: [GC pause (G1 Humongous Allocation) (young) (initial-mark) 373M->372M(512M), 0.0019383 secs]
2020-10-27T20:25:45.775+0800: 0.866: [GC concurrent-root-region-scan-start]
2020-10-27T20:25:45.775+0800: 0.866: [GC concurrent-root-region-scan-end, 0.0001344 secs]
2020-10-27T20:25:45.775+0800: 0.866: [GC concurrent-mark-start]
2020-10-27T20:25:45.777+0800: 0.868: [GC concurrent-mark-end, 0.0019000 secs]
2020-10-27T20:25:45.777+0800: 0.868: [GC remark, 0.0021436 secs]
2020-10-27T20:25:45.779+0800: 0.870: [GC cleanup 384M->384M(512M), 0.0010871 secs]
2020-10-27T20:25:45.784+0800: 0.875: [GC pause (G1 Evacuation Pause) (young) 401M->379M(512M), 0.0032424 secs]
2020-10-27T20:25:45.792+0800: 0.883: [GC pause (G1 Evacuation Pause) (mixed) 405M->368M(512M), 0.0100702 secs]
2020-10-27T20:25:45.802+0800: 0.893: [GC pause (G1 Humongous Allocation) (young) (initial-mark) 369M->368M(512M), 0.0022548 secs]
2020-10-27T20:25:45.805+0800: 0.896: [GC concurrent-root-region-scan-start]
2020-10-27T20:25:45.805+0800: 0.896: [GC concurrent-root-region-scan-end, 0.0001502 secs]
2020-10-27T20:25:45.805+0800: 0.896: [GC concurrent-mark-start]
2020-10-27T20:25:45.807+0800: 0.898: [GC concurrent-mark-end, 0.0018956 secs]
2020-10-27T20:25:45.807+0800: 0.898: [GC remark, 0.0020021 secs]
2020-10-27T20:25:45.809+0800: 0.900: [GC cleanup 380M->380M(512M), 0.0010010 secs]
2020-10-27T20:25:45.814+0800: 0.905: [GC pause (G1 Evacuation Pause) (young) 399M->379M(512M), 0.0034385 secs]
2020-10-27T20:25:45.823+0800: 0.914: [GC pause (G1 Evacuation Pause) (mixed) 409M->375M(512M), 0.0084027 secs]
2020-10-27T20:25:45.832+0800: 0.923: [GC pause (G1 Humongous Allocation) (young) (initial-mark) 376M->375M(512M), 0.0021697 secs]
2020-10-27T20:25:45.834+0800: 0.925: [GC concurrent-root-region-scan-start]
2020-10-27T20:25:45.834+0800: 0.925: [GC concurrent-root-region-scan-end, 0.0000830 secs]
2020-10-27T20:25:45.834+0800: 0.925: [GC concurrent-mark-start]
2020-10-27T20:25:45.836+0800: 0.927: [GC concurrent-mark-end, 0.0023218 secs]
2020-10-27T20:25:45.837+0800: 0.927: [GC remark, 0.0021144 secs]
2020-10-27T20:25:45.839+0800: 0.930: [GC cleanup 390M->389M(512M), 0.0011377 secs]
2020-10-27T20:25:45.840+0800: 0.931: [GC concurrent-cleanup-start]
2020-10-27T20:25:45.840+0800: 0.931: [GC concurrent-cleanup-end, 0.0000098 secs]
2020-10-27T20:25:45.843+0800: 0.934: [GC pause (G1 Evacuation Pause) (young) 405M->381M(512M), 0.0035797 secs]
2020-10-27T20:25:45.851+0800: 0.942: [GC pause (G1 Evacuation Pause) (mixed)-- 412M->387M(512M), 0.0087152 secs]
2020-10-27T20:25:45.860+0800: 0.951: [GC pause (G1 Humongous Allocation) (young) (initial-mark) 388M->387M(512M), 0.0022630 secs]
2020-10-27T20:25:45.863+0800: 0.954: [GC concurrent-root-region-scan-start]
2020-10-27T20:25:45.863+0800: 0.954: [GC concurrent-root-region-scan-end, 0.0001426 secs]
2020-10-27T20:25:45.863+0800: 0.954: [GC concurrent-mark-start]
2020-10-27T20:25:45.865+0800: 0.956: [GC concurrent-mark-end, 0.0020234 secs]
2020-10-27T20:25:45.865+0800: 0.956: [GC remark, 0.0023364 secs]
2020-10-27T20:25:45.868+0800: 0.958: [GC cleanup 402M->401M(512M), 0.0009923 secs]
2020-10-27T20:25:45.869+0800: 0.959: [GC concurrent-cleanup-start]
2020-10-27T20:25:45.869+0800: 0.959: [GC concurrent-cleanup-end, 0.0000088 secs]
2020-10-27T20:25:45.872+0800: 0.963: [GC pause (G1 Evacuation Pause) (young) 417M->396M(512M), 0.0037974 secs]
2020-10-27T20:25:45.880+0800: 0.971: [GC pause (G1 Evacuation Pause) (mixed)-- 424M->413M(512M), 0.0051331 secs]
2020-10-27T20:25:45.886+0800: 0.977: [GC pause (G1 Humongous Allocation) (young) (initial-mark) 416M->414M(512M), 0.0027370 secs]
2020-10-27T20:25:45.889+0800: 0.980: [GC concurrent-root-region-scan-start]
2020-10-27T20:25:45.889+0800: 0.980: [GC concurrent-root-region-scan-end, 0.0001451 secs]
2020-10-27T20:25:45.889+0800: 0.980: [GC concurrent-mark-start]
2020-10-27T20:25:45.892+0800: 0.983: [GC concurrent-mark-end, 0.0029080 secs]
2020-10-27T20:25:45.892+0800: 0.983: [GC remark, 0.0021397 secs]
2020-10-27T20:25:45.895+0800: 0.986: [GC cleanup 431M->431M(512M), 0.0013383 secs]
2020-10-27T20:25:45.898+0800: 0.989: [GC pause (G1 Evacuation Pause) (young)-- 439M->430M(512M), 0.0026785 secs]
2020-10-27T20:25:45.904+0800: 0.995: [GC pause (G1 Humongous Allocation) (mixed)-- 445M->441M(512M), 0.0020257 secs]
2020-10-27T20:25:45.907+0800: 0.998: [GC pause (G1 Humongous Allocation) (mixed)-- 446M->444M(512M), 0.0013829 secs]
2020-10-27T20:25:45.909+0800: 1.000: [GC pause (G1 Evacuation Pause) (young) (initial-mark)-- 446M->445M(512M), 0.0008525 secs]
2020-10-27T20:25:45.910+0800: 1.001: [GC concurrent-root-region-scan-start]
2020-10-27T20:25:45.910+0800: 1.001: [GC concurrent-root-region-scan-end, 0.0000063 secs]
2020-10-27T20:25:45.910+0800: 1.001: [GC concurrent-mark-start]
2020-10-27T20:25:45.911+0800: 1.001: [GC pause (G1 Evacuation Pause) (young)-- 447M->447M(512M), 0.0006926 secs]
2020-10-27T20:25:45.911+0800: 1.002: [Full GC (Allocation Failure)  447M->329M(512M), 0.0503657 secs]
2020-10-27T20:25:45.962+0800: 1.053: [GC concurrent-mark-abort]
2020-10-27T20:25:45.963+0800: 1.053: [GC pause (G1 Humongous Allocation) (young) (initial-mark) 331M->329M(512M), 0.0013610 secs]
2020-10-27T20:25:45.964+0800: 1.055: [GC concurrent-root-region-scan-start]
2020-10-27T20:25:45.964+0800: 1.055: [GC concurrent-root-region-scan-end, 0.0001128 secs]
2020-10-27T20:25:45.964+0800: 1.055: [GC concurrent-mark-start]
2020-10-27T20:25:45.967+0800: 1.058: [GC concurrent-mark-end, 0.0030769 secs]
2020-10-27T20:25:45.967+0800: 1.058: [GC remark, 0.0021588 secs]
2020-10-27T20:25:45.970+0800: 1.060: [GC cleanup 350M->350M(512M), 0.0007164 secs]
2020-10-27T20:25:45.976+0800: 1.066: [GC pause (G1 Evacuation Pause) (young) 368M->338M(512M), 0.0034722 secs]
2020-10-27T20:25:45.980+0800: 1.071: [GC pause (G1 Humongous Allocation) (young) (initial-mark) 342M->340M(512M), 0.0022081 secs]
2020-10-27T20:25:45.983+0800: 1.073: [GC concurrent-root-region-scan-start]
2020-10-27T20:25:45.983+0800: 1.073: [GC concurrent-root-region-scan-end, 0.0001836 secs]
2020-10-27T20:25:45.983+0800: 1.073: [GC concurrent-mark-start]
2020-10-27T20:25:45.987+0800: 1.077: [GC concurrent-mark-end, 0.0036974 secs]
2020-10-27T20:25:45.987+0800: 1.077: [GC remark, 0.0022099 secs]
2020-10-27T20:25:45.989+0800: 1.080: [GC cleanup 352M->352M(512M), 0.0006455 secs]
2020-10-27T20:25:45.994+0800: 1.084: [GC pause (G1 Evacuation Pause) (young) 365M->348M(512M), 0.0027989 secs]
2020-10-27T20:25:46.003+0800: 1.094: [GC pause (G1 Evacuation Pause) (mixed) 378M->349M(512M), 0.0043331 secs]
2020-10-27T20:25:46.008+0800: 1.098: [GC pause (G1 Humongous Allocation) (young) (initial-mark) 350M->348M(512M), 0.0024142 secs]
2020-10-27T20:25:46.010+0800: 1.101: [GC concurrent-root-region-scan-start]
2020-10-27T20:25:46.010+0800: 1.101: [GC concurrent-root-region-scan-end, 0.0001224 secs]
2020-10-27T20:25:46.010+0800: 1.101: [GC concurrent-mark-start]
2020-10-27T20:25:46.013+0800: 1.103: [GC concurrent-mark-end, 0.0024691 secs]
2020-10-27T20:25:46.013+0800: 1.104: [GC remark, 0.0021933 secs]
2020-10-27T20:25:46.015+0800: 1.106: [GC cleanup 365M->365M(512M), 0.0016597 secs]
2020-10-27T20:25:46.020+0800: 1.110: [GC pause (G1 Evacuation Pause) (young) 378M->357M(512M), 0.0030836 secs]
