Java HotSpot(TM) 64-Bit Server VM (25.161-b12) for windows-amd64 JRE (1.8.0_161-b12), built on Dec 19 2017 17:52:25 by "java_re" with MS VC++ 10.0 (VS2010)
Memory: 4k page, physical 8287828k(3108832k free), swap 17528588k(3659548k free)
CommandLine flags: -XX:InitialHeapSize=536870912 -XX:MaxHeapSize=536870912 -XX:+PrintGC -XX:+PrintGCDateStamps -XX:+PrintGCDetails -XX:+PrintGCTimeStamps -XX:+UseCompressedClassPointers -XX:+UseCompressedOops -XX:-UseLargePagesIndividualAllocation -XX:+UseSerialGC 
2020-10-27T20:03:45.481+0800: 0.192: [GC (Allocation Failure) 2020-10-27T20:03:45.481+0800: 0.192: [DefNew: 139776K->17472K(157248K), 0.0231862 secs] 139776K->44164K(506816K), 0.0233918 secs] [Times: user=0.02 sys=0.01, real=0.02 secs] 
2020-10-27T20:03:45.527+0800: 0.238: [GC (Allocation Failure) 2020-10-27T20:03:45.527+0800: 0.238: [DefNew: 156965K->17471K(157248K), 0.0306591 secs] 183658K->86719K(506816K), 0.0307355 secs] [Times: user=0.02 sys=0.02, real=0.03 secs] 
2020-10-27T20:03:45.582+0800: 0.292: [GC (Allocation Failure) 2020-10-27T20:03:45.582+0800: 0.292: [DefNew: 157247K->17472K(157248K), 0.0210562 secs] 226495K->121748K(506816K), 0.0211415 secs] [Times: user=0.02 sys=0.02, real=0.02 secs] 
2020-10-27T20:03:45.627+0800: 0.338: [GC (Allocation Failure) 2020-10-27T20:03:45.627+0800: 0.338: [DefNew: 157248K->17469K(157248K), 0.0243952 secs] 261524K->163420K(506816K), 0.0244740 secs] [Times: user=0.00 sys=0.03, real=0.02 secs] 
2020-10-27T20:03:45.674+0800: 0.384: [GC (Allocation Failure) 2020-10-27T20:03:45.674+0800: 0.384: [DefNew: 157245K->17471K(157248K), 0.0259183 secs] 303196K->208894K(506816K), 0.0260050 secs] [Times: user=0.03 sys=0.00, real=0.03 secs] 
2020-10-27T20:03:45.722+0800: 0.432: [GC (Allocation Failure) 2020-10-27T20:03:45.722+0800: 0.432: [DefNew: 157247K->17471K(157248K), 0.0247750 secs] 348670K->251269K(506816K), 0.0248536 secs] [Times: user=0.00 sys=0.03, real=0.03 secs] 
2020-10-27T20:03:45.766+0800: 0.477: [GC (Allocation Failure) 2020-10-27T20:03:45.766+0800: 0.477: [DefNew: 157247K->17471K(157248K), 0.0250876 secs] 391045K->294488K(506816K), 0.0251741 secs] [Times: user=0.03 sys=0.00, real=0.02 secs] 
2020-10-27T20:03:45.811+0800: 0.522: [GC (Allocation Failure) 2020-10-27T20:03:45.811+0800: 0.522: [DefNew: 157247K->17471K(157248K), 0.0234936 secs] 434264K->334705K(506816K), 0.0235768 secs] [Times: user=0.02 sys=0.02, real=0.02 secs] 
2020-10-27T20:03:45.855+0800: 0.566: [GC (Allocation Failure) 2020-10-27T20:03:45.855+0800: 0.566: [DefNew: 157003K->157003K(157248K), 0.0000210 secs]2020-10-27T20:03:45.855+0800: 0.566: [Tenured: 317233K->266228K(349568K), 0.0435342 secs] 474236K->266228K(506816K), [Metaspace: 2809K->2809K(1056768K)], 0.0610201 secs] [Times: user=0.05 sys=0.00, real=0.06 secs] 
2020-10-27T20:03:45.938+0800: 0.648: [GC (Allocation Failure) 2020-10-27T20:03:45.938+0800: 0.648: [DefNew: 139703K->17469K(157248K), 0.0086363 secs] 405932K->313945K(506816K), 0.0087246 secs] [Times: user=0.01 sys=0.00, real=0.01 secs] 
2020-10-27T20:03:45.967+0800: 0.678: [GC (Allocation Failure) 2020-10-27T20:03:45.967+0800: 0.678: [DefNew: 156745K->17471K(157248K), 0.0198493 secs] 453221K->360240K(506816K), 0.0199300 secs] [Times: user=0.01 sys=0.00, real=0.02 secs] 
2020-10-27T20:03:46.009+0800: 0.720: [GC (Allocation Failure) 2020-10-27T20:03:46.009+0800: 0.720: [DefNew: 157247K->157247K(157248K), 0.0000210 secs]2020-10-27T20:03:46.009+0800: 0.720: [Tenured: 342769K->314844K(349568K), 0.0518077 secs] 500016K->314844K(506816K), [Metaspace: 2809K->2809K(1056768K)], 0.0519180 secs] [Times: user=0.05 sys=0.00, real=0.05 secs] 
2020-10-27T20:03:46.083+0800: 0.793: [GC (Allocation Failure) 2020-10-27T20:03:46.083+0800: 0.793: [DefNew: 139484K->139484K(157248K), 0.0000239 secs]2020-10-27T20:03:46.083+0800: 0.794: [Tenured: 314844K->318660K(349568K), 0.0524073 secs] 454329K->318660K(506816K), [Metaspace: 2809K->2809K(1056768K)], 0.0525514 secs] [Times: user=0.05 sys=0.00, real=0.05 secs] 
2020-10-27T20:03:46.157+0800: 0.867: [GC (Allocation Failure) 2020-10-27T20:03:46.157+0800: 0.867: [DefNew: 139776K->139776K(157248K), 0.0000715 secs]2020-10-27T20:03:46.157+0800: 0.867: [Tenured: 318660K->309845K(349568K), 0.0552610 secs] 458436K->309845K(506816K), [Metaspace: 2809K->2809K(1056768K)], 0.0554329 secs] [Times: user=0.06 sys=0.00, real=0.06 secs] 
2020-10-27T20:03:46.232+0800: 0.942: [GC (Allocation Failure) 2020-10-27T20:03:46.232+0800: 0.942: [DefNew: 139776K->17472K(157248K), 0.0085993 secs] 449621K->358067K(506816K), 0.0086769 secs] [Times: user=0.02 sys=0.00, real=0.01 secs] 
2020-10-27T20:03:46.260+0800: 0.971: [GC (Allocation Failure) 2020-10-27T20:03:46.260+0800: 0.971: [DefNew: 157248K->157248K(157248K), 0.0000206 secs]2020-10-27T20:03:46.260+0800: 0.971: [Tenured: 340595K->343772K(349568K), 0.0487662 secs] 497843K->343772K(506816K), [Metaspace: 2809K->2809K(1056768K)], 0.0488841 secs] [Times: user=0.05 sys=0.00, real=0.05 secs] 
2020-10-27T20:03:46.331+0800: 1.042: [GC (Allocation Failure) 2020-10-27T20:03:46.331+0800: 1.042: [DefNew: 139776K->139776K(157248K), 0.0000226 secs]2020-10-27T20:03:46.331+0800: 1.042: [Tenured: 343772K->345441K(349568K), 0.0585762 secs] 483548K->345441K(506816K), [Metaspace: 2809K->2809K(1056768K)], 0.0587040 secs] [Times: user=0.06 sys=0.00, real=0.06 secs] 
Heap
 def new generation   total 157248K, used 35580K [0x00000000e0000000, 0x00000000eaaa0000, 0x00000000eaaa0000)
  eden space 139776K,  25% used [0x00000000e0000000, 0x00000000e22bf1b8, 0x00000000e8880000)
  from space 17472K,   0% used [0x00000000e9990000, 0x00000000e9990000, 0x00000000eaaa0000)
  to   space 17472K,   0% used [0x00000000e8880000, 0x00000000e8880000, 0x00000000e9990000)
 tenured generation   total 349568K, used 345441K [0x00000000eaaa0000, 0x0000000100000000, 0x0000000100000000)
   the space 349568K,  98% used [0x00000000eaaa0000, 0x00000000ffbf84f0, 0x00000000ffbf8600, 0x0000000100000000)
 Metaspace       used 2815K, capacity 4486K, committed 4864K, reserved 1056768K
  class space    used 304K, capacity 386K, committed 512K, reserved 1048576K
